pn532_stm32f1.c:52:5:PN532_Reset	8	static
pn532_stm32f1.c:62:6:PN532_Log	16	static
pn532_stm32f1.c:66:6:PN532_Init	16	static
pn532_stm32f1.c:75:9:reverse_bit	24	static
pn532_stm32f1.c:85:6:spi_rw	24	static
pn532_stm32f1.c:103:5:PN532_SPI_ReadData	40	dynamic
pn532_stm32f1.c:114:5:PN532_SPI_WriteData	40	dynamic
pn532_stm32f1.c:124:6:PN532_SPI_WaitReady	24	static
pn532_stm32f1.c:139:5:PN532_SPI_Wakeup	16	static
pn532_stm32f1.c:150:6:PN532_SPI_Init	16	static
pn532_stm32f1.c:168:6:i2c_read	24	static
pn532_stm32f1.c:172:6:i2c_write	24	static
pn532_stm32f1.c:176:5:PN532_I2C_ReadData	40	dynamic
pn532_stm32f1.c:190:5:PN532_I2C_WriteData	16	static
pn532_stm32f1.c:195:6:PN532_I2C_WaitReady	24	static
pn532_stm32f1.c:209:5:PN532_I2C_Wakeup	8	static
pn532_stm32f1.c:220:6:PN532_I2C_Init	16	static
