11:40:12 **** Incremental Build of configuration Debug for project banphimso ****
make -j12 all 
arm-none-eabi-gcc "../Core/Src/main.c" -mcpu=cortex-m3 -std=gnu11 -g3 -DDEBUG -DUSE_HAL_DRIVER -DSTM32F103x6 -c -I../Core/Inc -I../Drivers/STM32F1xx_HAL_Driver/Inc -I../Drivers/STM32F1xx_HAL_Driver/Inc/Legacy -I../Drivers/CMSIS/Device/ST/STM32F1xx/Include -I../Drivers/CMSIS/Include -O0 -ffunction-sections -fdata-sections -Wall -fstack-usage -MMD -MP -MF"Core/Src/main.d" -MT"Core/Src/main.o" --specs=nano.specs -mfloat-abi=soft -mthumb -o "Core/Src/main.o"
arm-none-eabi-gcc -o "banphimso.elf" @"objects.list"   -mcpu=cortex-m3 -T"C:\Users\Minh Tuan\Documents\stm\banphimso\banphimso\STM32F103C6UX_FLASH.ld" --specs=nosys.specs -Wl,-Map="banphimso.map" -Wl,--gc-sections -static --specs=nano.specs -mfloat-abi=soft -mthumb -Wl,--start-group -lc -lm -Wl,--end-group
Finished building target: banphimso.elf
 
arm-none-eabi-size   banphimso.elf 
arm-none-eabi-objdump -h -S  banphimso.elf  > "banphimso.list"
arm-none-eabi-objcopy  -O ihex  banphimso.elf  "banphimso.hex"
   text	   data	    bss	    dec	    hex	filename
   6060	     36	   1572	   7668	   1df4	banphimso.elf
arm-none-eabi-objcopy  -O binary  banphimso.elf  "banphimso.bin"
Finished building: default.size.stdout
 
Finished building: banphimso.hex
Finished building: banphimso.bin
Finished building: banphimso.list
 
 
 
16:24:12 **** Incremental Build of configuration Debug for project banphimso ****
make -j12 all 
arm-none-eabi-size   banphimso.elf 
   text	   data	    bss	    dec	    hex	filename
   6060	     36	   1572	   7668	   1df4	banphimso.elf
Finished building: default.size.stdout
 
16:24:12 **** Incremental Build of configuration Debug for project banphimso ****
make -j12 all 
arm-none-eabi-size   banphimso.elf 
   text	   data	    bss	    dec	    hex	filename
   6060	     36	   1572	   7668	   1df4	banphimso.elf
Finished building: default.size.stdout
 
16:24:23 **** Incremental Build of configuration Debug for project banphimso ****
make -j12 all 
arm-none-eabi-size   banphimso.elf 
   text	   data	    bss	    dec	    hex	filename
   6060	     36	   1572	   7668	   1df4	banphimso.elf
Finished building: default.size.stdout
 
16:24:30 **** Incremental Build of configuration Debug for project banphimso ****
make -j12 all 
arm-none-eabi-size   banphimso.elf 
   text	   data	    bss	    dec	    hex	filename
   6060	     36	   1572	   7668	   1df4	banphimso.elf
Finished building: default.size.stdout
 
